// Jest Snapshot v1, https://goo.gl/fbAQLP

exports[`integ snapshot validation 1`] = `
Object {
  "Parameters": Object {
    "AssetParameters02b0568b89e58d86f90069ce65d4494bb7aeb3fc0ff689a8e217e08312b57a0dArtifactHash8162C105": Object {
      "Description": "Artifact hash for asset \\"02b0568b89e58d86f90069ce65d4494bb7aeb3fc0ff689a8e217e08312b57a0d\\"",
      "Type": "String",
    },
    "AssetParameters02b0568b89e58d86f90069ce65d4494bb7aeb3fc0ff689a8e217e08312b57a0dS3Bucket1ABD42F0": Object {
      "Description": "S3 bucket for asset \\"02b0568b89e58d86f90069ce65d4494bb7aeb3fc0ff689a8e217e08312b57a0d\\"",
      "Type": "String",
    },
    "AssetParameters02b0568b89e58d86f90069ce65d4494bb7aeb3fc0ff689a8e217e08312b57a0dS3VersionKeyD0BD9E40": Object {
      "Description": "S3 key for asset version \\"02b0568b89e58d86f90069ce65d4494bb7aeb3fc0ff689a8e217e08312b57a0d\\"",
      "Type": "String",
    },
    "AssetParameters9a2dabe044bdaf33f54251df90cf58966a2d0e65c0cf653998d8614618fe0ecaArtifactHashACDC927C": Object {
      "Description": "Artifact hash for asset \\"9a2dabe044bdaf33f54251df90cf58966a2d0e65c0cf653998d8614618fe0eca\\"",
      "Type": "String",
    },
    "AssetParameters9a2dabe044bdaf33f54251df90cf58966a2d0e65c0cf653998d8614618fe0ecaS3Bucket4AFEBB71": Object {
      "Description": "S3 bucket for asset \\"9a2dabe044bdaf33f54251df90cf58966a2d0e65c0cf653998d8614618fe0eca\\"",
      "Type": "String",
    },
    "AssetParameters9a2dabe044bdaf33f54251df90cf58966a2d0e65c0cf653998d8614618fe0ecaS3VersionKey0205EC90": Object {
      "Description": "S3 key for asset version \\"9a2dabe044bdaf33f54251df90cf58966a2d0e65c0cf653998d8614618fe0eca\\"",
      "Type": "String",
    },
    "AssetParametersc691172cdeefa2c91b5a2907f9d81118e47597634943344795f1a844192dd49cArtifactHash627DAAA7": Object {
      "Description": "Artifact hash for asset \\"c691172cdeefa2c91b5a2907f9d81118e47597634943344795f1a844192dd49c\\"",
      "Type": "String",
    },
    "AssetParametersc691172cdeefa2c91b5a2907f9d81118e47597634943344795f1a844192dd49cS3BucketEAC9DD43": Object {
      "Description": "S3 bucket for asset \\"c691172cdeefa2c91b5a2907f9d81118e47597634943344795f1a844192dd49c\\"",
      "Type": "String",
    },
    "AssetParametersc691172cdeefa2c91b5a2907f9d81118e47597634943344795f1a844192dd49cS3VersionKeyDD9AE9E7": Object {
      "Description": "S3 key for asset version \\"c691172cdeefa2c91b5a2907f9d81118e47597634943344795f1a844192dd49c\\"",
      "Type": "String",
    },
  },
  "Resources": Object {
    "Bucket83908E77": Object {
      "DeletionPolicy": "Retain",
      "Properties": Object {
        "BucketName": "a-bucket",
      },
      "Type": "AWS::S3::Bucket",
      "UpdateReplacePolicy": "Retain",
    },
    "BucketS3FileListenerfoo5F5E31EE": Object {
      "Properties": Object {
        "EventPattern": Object {
          "detail": Object {
            "eventName": Array [
              "CompleteMultipartUpload",
              "CopyObject",
              "PutObject",
            ],
            "requestParameters": Object {
              "bucketName": Array [
                Object {
                  "Ref": "Bucket83908E77",
                },
              ],
              "key": Array [
                "folder/foo.zip",
              ],
            },
            "resources": Object {
              "ARN": Array [
                Object {
                  "Fn::Join": Array [
                    "",
                    Array [
                      Object {
                        "Fn::GetAtt": Array [
                          "Bucket83908E77",
                          "Arn",
                        ],
                      },
                      "/folder/foo.zip",
                    ],
                  ],
                },
              ],
            },
          },
          "detail-type": Array [
            "AWS API Call via CloudTrail",
          ],
          "source": Array [
            "aws.s3",
          ],
        },
        "State": "ENABLED",
        "Targets": Array [
          Object {
            "Arn": Object {
              "Fn::GetAtt": Array [
                "S3SyncedAccessPointSyncHandlerE3E29B2F",
                "Arn",
              ],
            },
            "Id": "Target0",
          },
        ],
      },
      "Type": "AWS::Events::Rule",
    },
    "BucketS3FileListenerfooAllowEventRuletestingstack9BucketS3FileListenerfoo54124A37996C4799": Object {
      "Properties": Object {
        "Action": "lambda:InvokeFunction",
        "FunctionName": Object {
          "Fn::GetAtt": Array [
            "S3SyncedAccessPointSyncHandlerE3E29B2F",
            "Arn",
          ],
        },
        "Principal": "events.amazonaws.com",
        "SourceArn": Object {
          "Fn::GetAtt": Array [
            "BucketS3FileListenerfoo5F5E31EE",
            "Arn",
          ],
        },
      },
      "Type": "AWS::Lambda::Permission",
    },
    "Filesystem653F8FD3": Object {
      "DeletionPolicy": "Delete",
      "Properties": Object {
        "FileSystemTags": Array [
          Object {
            "Key": "Name",
            "Value": "testing-stack9/Filesystem",
          },
        ],
      },
      "Type": "AWS::EFS::FileSystem",
      "UpdateReplacePolicy": "Delete",
    },
    "FilesystemEfsMountTarget1FA5225C0": Object {
      "Properties": Object {
        "FileSystemId": Object {
          "Ref": "Filesystem653F8FD3",
        },
        "SecurityGroups": Array [
          Object {
            "Fn::GetAtt": Array [
              "FilesystemEfsSecurityGroup6D2E3511",
              "GroupId",
            ],
          },
        ],
        "SubnetId": "p-12345",
      },
      "Type": "AWS::EFS::MountTarget",
    },
    "FilesystemEfsMountTarget29F807637": Object {
      "Properties": Object {
        "FileSystemId": Object {
          "Ref": "Filesystem653F8FD3",
        },
        "SecurityGroups": Array [
          Object {
            "Fn::GetAtt": Array [
              "FilesystemEfsSecurityGroup6D2E3511",
              "GroupId",
            ],
          },
        ],
        "SubnetId": "p-67890",
      },
      "Type": "AWS::EFS::MountTarget",
    },
    "FilesystemEfsSecurityGroup6D2E3511": Object {
      "Properties": Object {
        "GroupDescription": "testing-stack9/Filesystem/EfsSecurityGroup",
        "SecurityGroupEgress": Array [
          Object {
            "CidrIp": "0.0.0.0/0",
            "Description": "Allow all outbound traffic by default",
            "IpProtocol": "-1",
          },
        ],
        "Tags": Array [
          Object {
            "Key": "Name",
            "Value": "testing-stack9/Filesystem",
          },
        ],
        "VpcId": "vpc-12345",
      },
      "Type": "AWS::EC2::SecurityGroup",
    },
    "FilesystemEfsSecurityGroupfromtestingstack9GithubSyncedAccessPointGithubHandlerSecurityGroup5027C02E2049062A79CA": Object {
      "Properties": Object {
        "Description": "from testingstack9GithubSyncedAccessPointGithubHandlerSecurityGroup5027C02E:2049",
        "FromPort": 2049,
        "GroupId": Object {
          "Fn::GetAtt": Array [
            "FilesystemEfsSecurityGroup6D2E3511",
            "GroupId",
          ],
        },
        "IpProtocol": "tcp",
        "SourceSecurityGroupId": Object {
          "Fn::GetAtt": Array [
            "GithubSyncedAccessPointGithubHandlerSecurityGroup0CC606E3",
            "GroupId",
          ],
        },
        "ToPort": 2049,
      },
      "Type": "AWS::EC2::SecurityGroupIngress",
    },
    "FilesystemEfsSecurityGroupfromtestingstack9S3SyncedAccessPointSyncHandlerSecurityGroupD6B134432049AE0F1509": Object {
      "Properties": Object {
        "Description": "from testingstack9S3SyncedAccessPointSyncHandlerSecurityGroupD6B13443:2049",
        "FromPort": 2049,
        "GroupId": Object {
          "Fn::GetAtt": Array [
            "FilesystemEfsSecurityGroup6D2E3511",
            "GroupId",
          ],
        },
        "IpProtocol": "tcp",
        "SourceSecurityGroupId": Object {
          "Fn::GetAtt": Array [
            "S3SyncedAccessPointSyncHandlerSecurityGroup3A598069",
            "GroupId",
          ],
        },
        "ToPort": 2049,
      },
      "Type": "AWS::EC2::SecurityGroupIngress",
    },
    "GithubSyncedAccessPoint7D9E7A52": Object {
      "Properties": Object {
        "FileSystemId": Object {
          "Ref": "Filesystem653F8FD3",
        },
        "PosixUser": Object {
          "Gid": "1001",
          "Uid": "1001",
        },
        "RootDirectory": Object {
          "CreationInfo": Object {
            "OwnerGid": "1001",
            "OwnerUid": "1001",
            "Permissions": "0755",
          },
          "Path": "/demo-github",
        },
      },
      "Type": "AWS::EFS::AccessPoint",
    },
    "GithubSyncedAccessPointGithubHandler9DBEA6D6": Object {
      "DependsOn": Array [
        "FilesystemEfsMountTarget1FA5225C0",
        "FilesystemEfsMountTarget29F807637",
        "GithubSyncedAccessPointGithubHandlerServiceRoleDefaultPolicy32079933",
        "GithubSyncedAccessPointGithubHandlerServiceRoleBBF897E8",
      ],
      "Properties": Object {
        "Code": Object {
          "S3Bucket": Object {
            "Ref": "AssetParameters02b0568b89e58d86f90069ce65d4494bb7aeb3fc0ff689a8e217e08312b57a0dS3Bucket1ABD42F0",
          },
          "S3Key": Object {
            "Fn::Join": Array [
              "",
              Array [
                Object {
                  "Fn::Select": Array [
                    0,
                    Object {
                      "Fn::Split": Array [
                        "||",
                        Object {
                          "Ref": "AssetParameters02b0568b89e58d86f90069ce65d4494bb7aeb3fc0ff689a8e217e08312b57a0dS3VersionKeyD0BD9E40",
                        },
                      ],
                    },
                  ],
                },
                Object {
                  "Fn::Select": Array [
                    1,
                    Object {
                      "Fn::Split": Array [
                        "||",
                        Object {
                          "Ref": "AssetParameters02b0568b89e58d86f90069ce65d4494bb7aeb3fc0ff689a8e217e08312b57a0dS3VersionKeyD0BD9E40",
                        },
                      ],
                    },
                  ],
                },
              ],
            ],
          },
        },
        "Environment": Object {
          "Variables": Object {
            "MOUNT_TARGET": "/mnt/efsmount",
            "REPOSITORY_URI": "https://github.com/pahud/cdk-efs-assets.git",
            "SYNC_PATH": "/cdk-efs-assets",
          },
        },
        "FileSystemConfigs": Array [
          Object {
            "Arn": Object {
              "Fn::Join": Array [
                "",
                Array [
                  "arn:",
                  Object {
                    "Ref": "AWS::Partition",
                  },
                  ":elasticfilesystem:us-east-1:11111111111:access-point/",
                  Object {
                    "Ref": "GithubSyncedAccessPoint7D9E7A52",
                  },
                ],
              ],
            },
            "LocalMountPath": "/mnt/efsmount",
          },
        ],
        "Handler": "index.on_event",
        "Layers": Array [
          "arn:aws:lambda:us-east-1:553035198032:layer:git-lambda2:7",
        ],
        "MemorySize": 512,
        "Role": Object {
          "Fn::GetAtt": Array [
            "GithubSyncedAccessPointGithubHandlerServiceRoleBBF897E8",
            "Arn",
          ],
        },
        "Runtime": "python3.8",
        "Timeout": 180,
        "VpcConfig": Object {
          "SecurityGroupIds": Array [
            Object {
              "Fn::GetAtt": Array [
                "GithubSyncedAccessPointGithubHandlerSecurityGroup0CC606E3",
                "GroupId",
              ],
            },
          ],
          "SubnetIds": Array [
            "p-12345",
            "p-67890",
          ],
        },
      },
      "Type": "AWS::Lambda::Function",
    },
    "GithubSyncedAccessPointGithubHandlerSecurityGroup0CC606E3": Object {
      "DependsOn": Array [
        "FilesystemEfsMountTarget1FA5225C0",
        "FilesystemEfsMountTarget29F807637",
      ],
      "Properties": Object {
        "GroupDescription": "Automatic security group for Lambda Function testingstack9GithubSyncedAccessPointGithubHandler0E0F33CF",
        "SecurityGroupEgress": Array [
          Object {
            "CidrIp": "0.0.0.0/0",
            "Description": "Allow all outbound traffic by default",
            "IpProtocol": "-1",
          },
        ],
        "VpcId": "vpc-12345",
      },
      "Type": "AWS::EC2::SecurityGroup",
    },
    "GithubSyncedAccessPointGithubHandlerServiceRoleBBF897E8": Object {
      "DependsOn": Array [
        "FilesystemEfsMountTarget1FA5225C0",
        "FilesystemEfsMountTarget29F807637",
      ],
      "Properties": Object {
        "AssumeRolePolicyDocument": Object {
          "Statement": Array [
            Object {
              "Action": "sts:AssumeRole",
              "Effect": "Allow",
              "Principal": Object {
                "Service": "lambda.amazonaws.com",
              },
            },
          ],
          "Version": "2012-10-17",
        },
        "ManagedPolicyArns": Array [
          Object {
            "Fn::Join": Array [
              "",
              Array [
                "arn:",
                Object {
                  "Ref": "AWS::Partition",
                },
                ":iam::aws:policy/service-role/AWSLambdaBasicExecutionRole",
              ],
            ],
          },
          Object {
            "Fn::Join": Array [
              "",
              Array [
                "arn:",
                Object {
                  "Ref": "AWS::Partition",
                },
                ":iam::aws:policy/service-role/AWSLambdaVPCAccessExecutionRole",
              ],
            ],
          },
        ],
      },
      "Type": "AWS::IAM::Role",
    },
    "GithubSyncedAccessPointGithubHandlerServiceRoleDefaultPolicy32079933": Object {
      "DependsOn": Array [
        "FilesystemEfsMountTarget1FA5225C0",
        "FilesystemEfsMountTarget29F807637",
      ],
      "Properties": Object {
        "PolicyDocument": Object {
          "Statement": Array [
            Object {
              "Action": "elasticfilesystem:ClientMount",
              "Condition": Object {
                "StringEquals": Object {
                  "elasticfilesystem:AccessPointArn": Object {
                    "Fn::Join": Array [
                      "",
                      Array [
                        "arn:",
                        Object {
                          "Ref": "AWS::Partition",
                        },
                        ":elasticfilesystem:us-east-1:11111111111:access-point/",
                        Object {
                          "Ref": "GithubSyncedAccessPoint7D9E7A52",
                        },
                      ],
                    ],
                  },
                },
              },
              "Effect": "Allow",
              "Resource": "*",
            },
            Object {
              "Action": "elasticfilesystem:ClientWrite",
              "Effect": "Allow",
              "Resource": Object {
                "Fn::Join": Array [
                  "",
                  Array [
                    "arn:",
                    Object {
                      "Ref": "AWS::Partition",
                    },
                    ":elasticfilesystem:us-east-1:11111111111:file-system/",
                    Object {
                      "Ref": "Filesystem653F8FD3",
                    },
                  ],
                ],
              },
            },
          ],
          "Version": "2012-10-17",
        },
        "PolicyName": "GithubSyncedAccessPointGithubHandlerServiceRoleDefaultPolicy32079933",
        "Roles": Array [
          Object {
            "Ref": "GithubSyncedAccessPointGithubHandlerServiceRoleBBF897E8",
          },
        ],
      },
      "Type": "AWS::IAM::Policy",
    },
    "GithubSyncedAccessPointProviderframeworkonEventE33595E1": Object {
      "DependsOn": Array [
        "GithubSyncedAccessPointProviderframeworkonEventServiceRoleDefaultPolicy950375A0",
        "GithubSyncedAccessPointProviderframeworkonEventServiceRole91268913",
      ],
      "Properties": Object {
        "Code": Object {
          "S3Bucket": Object {
            "Ref": "AssetParametersc691172cdeefa2c91b5a2907f9d81118e47597634943344795f1a844192dd49cS3BucketEAC9DD43",
          },
          "S3Key": Object {
            "Fn::Join": Array [
              "",
              Array [
                Object {
                  "Fn::Select": Array [
                    0,
                    Object {
                      "Fn::Split": Array [
                        "||",
                        Object {
                          "Ref": "AssetParametersc691172cdeefa2c91b5a2907f9d81118e47597634943344795f1a844192dd49cS3VersionKeyDD9AE9E7",
                        },
                      ],
                    },
                  ],
                },
                Object {
                  "Fn::Select": Array [
                    1,
                    Object {
                      "Fn::Split": Array [
                        "||",
                        Object {
                          "Ref": "AssetParametersc691172cdeefa2c91b5a2907f9d81118e47597634943344795f1a844192dd49cS3VersionKeyDD9AE9E7",
                        },
                      ],
                    },
                  ],
                },
              ],
            ],
          },
        },
        "Description": "AWS CDK resource provider framework - onEvent (testing-stack9/GithubSyncedAccessPoint/Provider)",
        "Environment": Object {
          "Variables": Object {
            "USER_ON_EVENT_FUNCTION_ARN": Object {
              "Fn::GetAtt": Array [
                "GithubSyncedAccessPointGithubHandler9DBEA6D6",
                "Arn",
              ],
            },
          },
        },
        "Handler": "framework.onEvent",
        "Role": Object {
          "Fn::GetAtt": Array [
            "GithubSyncedAccessPointProviderframeworkonEventServiceRole91268913",
            "Arn",
          ],
        },
        "Runtime": "nodejs10.x",
        "Timeout": 900,
      },
      "Type": "AWS::Lambda::Function",
    },
    "GithubSyncedAccessPointProviderframeworkonEventServiceRole91268913": Object {
      "Properties": Object {
        "AssumeRolePolicyDocument": Object {
          "Statement": Array [
            Object {
              "Action": "sts:AssumeRole",
              "Effect": "Allow",
              "Principal": Object {
                "Service": "lambda.amazonaws.com",
              },
            },
          ],
          "Version": "2012-10-17",
        },
        "ManagedPolicyArns": Array [
          Object {
            "Fn::Join": Array [
              "",
              Array [
                "arn:",
                Object {
                  "Ref": "AWS::Partition",
                },
                ":iam::aws:policy/service-role/AWSLambdaBasicExecutionRole",
              ],
            ],
          },
        ],
      },
      "Type": "AWS::IAM::Role",
    },
    "GithubSyncedAccessPointProviderframeworkonEventServiceRoleDefaultPolicy950375A0": Object {
      "Properties": Object {
        "PolicyDocument": Object {
          "Statement": Array [
            Object {
              "Action": "lambda:InvokeFunction",
              "Effect": "Allow",
              "Resource": Object {
                "Fn::GetAtt": Array [
                  "GithubSyncedAccessPointGithubHandler9DBEA6D6",
                  "Arn",
                ],
              },
            },
          ],
          "Version": "2012-10-17",
        },
        "PolicyName": "GithubSyncedAccessPointProviderframeworkonEventServiceRoleDefaultPolicy950375A0",
        "Roles": Array [
          Object {
            "Ref": "GithubSyncedAccessPointProviderframeworkonEventServiceRole91268913",
          },
        ],
      },
      "Type": "AWS::IAM::Policy",
    },
    "GithubSyncedAccessPointSyncTrigger55B097A4": Object {
      "DeletionPolicy": "Delete",
      "Properties": Object {
        "ServiceToken": Object {
          "Fn::GetAtt": Array [
            "GithubSyncedAccessPointProviderframeworkonEventE33595E1",
            "Arn",
          ],
        },
      },
      "Type": "AWS::CloudFormation::CustomResource",
      "UpdateReplacePolicy": "Delete",
    },
    "S3SyncedAccessPointFF91B6A5": Object {
      "Properties": Object {
        "FileSystemId": Object {
          "Ref": "Filesystem653F8FD3",
        },
        "PosixUser": Object {
          "Gid": "1001",
          "Uid": "1001",
        },
        "RootDirectory": Object {
          "CreationInfo": Object {
            "OwnerGid": "1001",
            "OwnerUid": "1001",
            "Permissions": "0755",
          },
          "Path": "/demo-s3-archive",
        },
      },
      "Type": "AWS::EFS::AccessPoint",
    },
    "S3SyncedAccessPointProviderframeworkonEvent4D8BAF30": Object {
      "DependsOn": Array [
        "S3SyncedAccessPointProviderframeworkonEventServiceRoleDefaultPolicy8624C7E3",
        "S3SyncedAccessPointProviderframeworkonEventServiceRole22ADA620",
      ],
      "Properties": Object {
        "Code": Object {
          "S3Bucket": Object {
            "Ref": "AssetParametersc691172cdeefa2c91b5a2907f9d81118e47597634943344795f1a844192dd49cS3BucketEAC9DD43",
          },
          "S3Key": Object {
            "Fn::Join": Array [
              "",
              Array [
                Object {
                  "Fn::Select": Array [
                    0,
                    Object {
                      "Fn::Split": Array [
                        "||",
                        Object {
                          "Ref": "AssetParametersc691172cdeefa2c91b5a2907f9d81118e47597634943344795f1a844192dd49cS3VersionKeyDD9AE9E7",
                        },
                      ],
                    },
                  ],
                },
                Object {
                  "Fn::Select": Array [
                    1,
                    Object {
                      "Fn::Split": Array [
                        "||",
                        Object {
                          "Ref": "AssetParametersc691172cdeefa2c91b5a2907f9d81118e47597634943344795f1a844192dd49cS3VersionKeyDD9AE9E7",
                        },
                      ],
                    },
                  ],
                },
              ],
            ],
          },
        },
        "Description": "AWS CDK resource provider framework - onEvent (testing-stack9/S3SyncedAccessPoint/Provider)",
        "Environment": Object {
          "Variables": Object {
            "USER_ON_EVENT_FUNCTION_ARN": Object {
              "Fn::GetAtt": Array [
                "S3SyncedAccessPointSyncHandlerE3E29B2F",
                "Arn",
              ],
            },
          },
        },
        "Handler": "framework.onEvent",
        "Role": Object {
          "Fn::GetAtt": Array [
            "S3SyncedAccessPointProviderframeworkonEventServiceRole22ADA620",
            "Arn",
          ],
        },
        "Runtime": "nodejs10.x",
        "Timeout": 900,
      },
      "Type": "AWS::Lambda::Function",
    },
    "S3SyncedAccessPointProviderframeworkonEventServiceRole22ADA620": Object {
      "Properties": Object {
        "AssumeRolePolicyDocument": Object {
          "Statement": Array [
            Object {
              "Action": "sts:AssumeRole",
              "Effect": "Allow",
              "Principal": Object {
                "Service": "lambda.amazonaws.com",
              },
            },
          ],
          "Version": "2012-10-17",
        },
        "ManagedPolicyArns": Array [
          Object {
            "Fn::Join": Array [
              "",
              Array [
                "arn:",
                Object {
                  "Ref": "AWS::Partition",
                },
                ":iam::aws:policy/service-role/AWSLambdaBasicExecutionRole",
              ],
            ],
          },
        ],
      },
      "Type": "AWS::IAM::Role",
    },
    "S3SyncedAccessPointProviderframeworkonEventServiceRoleDefaultPolicy8624C7E3": Object {
      "Properties": Object {
        "PolicyDocument": Object {
          "Statement": Array [
            Object {
              "Action": "lambda:InvokeFunction",
              "Effect": "Allow",
              "Resource": Object {
                "Fn::GetAtt": Array [
                  "S3SyncedAccessPointSyncHandlerE3E29B2F",
                  "Arn",
                ],
              },
            },
          ],
          "Version": "2012-10-17",
        },
        "PolicyName": "S3SyncedAccessPointProviderframeworkonEventServiceRoleDefaultPolicy8624C7E3",
        "Roles": Array [
          Object {
            "Ref": "S3SyncedAccessPointProviderframeworkonEventServiceRole22ADA620",
          },
        ],
      },
      "Type": "AWS::IAM::Policy",
    },
    "S3SyncedAccessPointSyncHandlerE3E29B2F": Object {
      "DependsOn": Array [
        "FilesystemEfsMountTarget1FA5225C0",
        "FilesystemEfsMountTarget29F807637",
        "S3SyncedAccessPointSyncHandlerServiceRoleDefaultPolicy3959962C",
        "S3SyncedAccessPointSyncHandlerServiceRole4BAEA2D1",
      ],
      "Properties": Object {
        "Code": Object {
          "S3Bucket": Object {
            "Ref": "AssetParameters9a2dabe044bdaf33f54251df90cf58966a2d0e65c0cf653998d8614618fe0ecaS3Bucket4AFEBB71",
          },
          "S3Key": Object {
            "Fn::Join": Array [
              "",
              Array [
                Object {
                  "Fn::Select": Array [
                    0,
                    Object {
                      "Fn::Split": Array [
                        "||",
                        Object {
                          "Ref": "AssetParameters9a2dabe044bdaf33f54251df90cf58966a2d0e65c0cf653998d8614618fe0ecaS3VersionKey0205EC90",
                        },
                      ],
                    },
                  ],
                },
                Object {
                  "Fn::Select": Array [
                    1,
                    Object {
                      "Fn::Split": Array [
                        "||",
                        Object {
                          "Ref": "AssetParameters9a2dabe044bdaf33f54251df90cf58966a2d0e65c0cf653998d8614618fe0ecaS3VersionKey0205EC90",
                        },
                      ],
                    },
                  ],
                },
              ],
            ],
          },
        },
        "Environment": Object {
          "Variables": Object {
            "BUCKET_NAME": Object {
              "Ref": "Bucket83908E77",
            },
            "MOUNT_TARGET": "/mnt/efsmount",
            "SYNC_PATH": "/foo",
            "ZIPPED_KEY": "folder/foo.zip",
          },
        },
        "FileSystemConfigs": Array [
          Object {
            "Arn": Object {
              "Fn::Join": Array [
                "",
                Array [
                  "arn:",
                  Object {
                    "Ref": "AWS::Partition",
                  },
                  ":elasticfilesystem:us-east-1:11111111111:access-point/",
                  Object {
                    "Ref": "S3SyncedAccessPointFF91B6A5",
                  },
                ],
              ],
            },
            "LocalMountPath": "/mnt/efsmount",
          },
        ],
        "Handler": "index.on_event",
        "MemorySize": 512,
        "Role": Object {
          "Fn::GetAtt": Array [
            "S3SyncedAccessPointSyncHandlerServiceRole4BAEA2D1",
            "Arn",
          ],
        },
        "Runtime": "python3.8",
        "Timeout": 180,
        "VpcConfig": Object {
          "SecurityGroupIds": Array [
            Object {
              "Fn::GetAtt": Array [
                "S3SyncedAccessPointSyncHandlerSecurityGroup3A598069",
                "GroupId",
              ],
            },
          ],
          "SubnetIds": Array [
            "p-12345",
            "p-67890",
          ],
        },
      },
      "Type": "AWS::Lambda::Function",
    },
    "S3SyncedAccessPointSyncHandlerSecurityGroup3A598069": Object {
      "DependsOn": Array [
        "FilesystemEfsMountTarget1FA5225C0",
        "FilesystemEfsMountTarget29F807637",
      ],
      "Properties": Object {
        "GroupDescription": "Automatic security group for Lambda Function testingstack9S3SyncedAccessPointSyncHandler84223C97",
        "SecurityGroupEgress": Array [
          Object {
            "CidrIp": "0.0.0.0/0",
            "Description": "Allow all outbound traffic by default",
            "IpProtocol": "-1",
          },
        ],
        "VpcId": "vpc-12345",
      },
      "Type": "AWS::EC2::SecurityGroup",
    },
    "S3SyncedAccessPointSyncHandlerServiceRole4BAEA2D1": Object {
      "DependsOn": Array [
        "FilesystemEfsMountTarget1FA5225C0",
        "FilesystemEfsMountTarget29F807637",
      ],
      "Properties": Object {
        "AssumeRolePolicyDocument": Object {
          "Statement": Array [
            Object {
              "Action": "sts:AssumeRole",
              "Effect": "Allow",
              "Principal": Object {
                "Service": "lambda.amazonaws.com",
              },
            },
          ],
          "Version": "2012-10-17",
        },
        "ManagedPolicyArns": Array [
          Object {
            "Fn::Join": Array [
              "",
              Array [
                "arn:",
                Object {
                  "Ref": "AWS::Partition",
                },
                ":iam::aws:policy/service-role/AWSLambdaBasicExecutionRole",
              ],
            ],
          },
          Object {
            "Fn::Join": Array [
              "",
              Array [
                "arn:",
                Object {
                  "Ref": "AWS::Partition",
                },
                ":iam::aws:policy/service-role/AWSLambdaVPCAccessExecutionRole",
              ],
            ],
          },
        ],
      },
      "Type": "AWS::IAM::Role",
    },
    "S3SyncedAccessPointSyncHandlerServiceRoleDefaultPolicy3959962C": Object {
      "DependsOn": Array [
        "FilesystemEfsMountTarget1FA5225C0",
        "FilesystemEfsMountTarget29F807637",
      ],
      "Properties": Object {
        "PolicyDocument": Object {
          "Statement": Array [
            Object {
              "Action": "elasticfilesystem:ClientMount",
              "Condition": Object {
                "StringEquals": Object {
                  "elasticfilesystem:AccessPointArn": Object {
                    "Fn::Join": Array [
                      "",
                      Array [
                        "arn:",
                        Object {
                          "Ref": "AWS::Partition",
                        },
                        ":elasticfilesystem:us-east-1:11111111111:access-point/",
                        Object {
                          "Ref": "S3SyncedAccessPointFF91B6A5",
                        },
                      ],
                    ],
                  },
                },
              },
              "Effect": "Allow",
              "Resource": "*",
            },
            Object {
              "Action": "elasticfilesystem:ClientWrite",
              "Effect": "Allow",
              "Resource": Object {
                "Fn::Join": Array [
                  "",
                  Array [
                    "arn:",
                    Object {
                      "Ref": "AWS::Partition",
                    },
                    ":elasticfilesystem:us-east-1:11111111111:file-system/",
                    Object {
                      "Ref": "Filesystem653F8FD3",
                    },
                  ],
                ],
              },
            },
            Object {
              "Action": "s3:GetObject*",
              "Effect": "Allow",
              "Resource": Object {
                "Fn::Join": Array [
                  "",
                  Array [
                    "arn:aws:s3:::",
                    Object {
                      "Ref": "Bucket83908E77",
                    },
                    "/folder/foo.zip",
                  ],
                ],
              },
            },
          ],
          "Version": "2012-10-17",
        },
        "PolicyName": "S3SyncedAccessPointSyncHandlerServiceRoleDefaultPolicy3959962C",
        "Roles": Array [
          Object {
            "Ref": "S3SyncedAccessPointSyncHandlerServiceRole4BAEA2D1",
          },
        ],
      },
      "Type": "AWS::IAM::Policy",
    },
    "S3SyncedAccessPointSyncTrigger1D95BB73": Object {
      "DeletionPolicy": "Delete",
      "Properties": Object {
        "ServiceToken": Object {
          "Fn::GetAtt": Array [
            "S3SyncedAccessPointProviderframeworkonEvent4D8BAF30",
            "Arn",
          ],
        },
      },
      "Type": "AWS::CloudFormation::CustomResource",
      "UpdateReplacePolicy": "Delete",
    },
  },
}
`;
